// Jest Snapshot v1, https://goo.gl/fbAQLP

exports[`Header renders without errors 1`] = `
<div>
  <header
    class="bg-white shadow-sm"
  >
    <div
      class="container flex justify-between items-center py-3"
    >
      <nav
        class="flex space-x-2 sm:space-x-4"
      >
        <a
          class="flex items-center no-underline font-semibold"
          href="/"
        >
          Some title
        </a>
        <div
          class="h-6 w-px bg-gray-200 rounded"
        />
        <a
          class="no-underline text-gray-700"
          href="/"
        >
          Status
        </a>
      </nav>
    </div>
  </header>
</div>
`;
