// Jest Snapshot v1, https://goo.gl/fbAQLP

exports[`Outages renders without errors 1`] = `
<div>
  <ul
    class="space-y-6"
  >
    <li>
      <h3
        class="text-gray-700 mb-4"
      >
        8/24/2021
      </h3>
      <div
        class="bg-white shadow-sm rounded divide-y divide-gray-200 my-1"
        data-testid="outage"
      >
        <div
          class="flex justify-between p-4"
        >
          <div
            class="w-full flex items-center space-x-3"
          >
            <span
              class="flex items-center justify-center h-4 w-4 rounded-full bg-orange-500 text-white"
            >
              <svg
                aria-hidden="true"
                class="svg-inline--fa fa-exclamation fa-fw"
                data-icon="exclamation"
                data-prefix="fas"
                role="img"
                style="font-size: 8px;"
                viewBox="0 0 128 512"
              >
                <path
                  d="M64 432c22.1 0 40 17.9 40 40s-17.9 40-40 40-40-17.9-40-40c0-22.1 17.9-40 40-40zM64 0c26.5 0 48 21.5 48 48 0 .6 0 1.1 0 1.7l-16 304c-.9 17-15 30.3-32 30.3S33 370.7 32 353.7L16 49.7c0-.6 0-1.1 0-1.7 0-26.5 21.5-48 48-48z"
                  fill="currentColor"
                />
              </svg>
            </span>
            <p>
              Down from
              <span
                class="font-semibold"
              >
                 
                Europe
                 
              </span>
              for 
              5
               
              minutes
            </p>
          </div>
        </div>
      </div>
      <div
        class="bg-white shadow-sm rounded divide-y divide-gray-200 my-1"
        data-testid="outage"
      >
        <div
          class="flex justify-between p-4"
        >
          <div
            class="w-full flex items-center space-x-3"
          >
            <span
              class="flex items-center justify-center h-4 w-4 rounded-full bg-orange-500 text-white"
            >
              <svg
                aria-hidden="true"
                class="svg-inline--fa fa-exclamation fa-fw"
                data-icon="exclamation"
                data-prefix="fas"
                role="img"
                style="font-size: 8px;"
                viewBox="0 0 128 512"
              >
                <path
                  d="M64 432c22.1 0 40 17.9 40 40s-17.9 40-40 40-40-17.9-40-40c0-22.1 17.9-40 40-40zM64 0c26.5 0 48 21.5 48 48 0 .6 0 1.1 0 1.7l-16 304c-.9 17-15 30.3-32 30.3S33 370.7 32 353.7L16 49.7c0-.6 0-1.1 0-1.7 0-26.5 21.5-48 48-48z"
                  fill="currentColor"
                />
              </svg>
            </span>
            <p>
              Down from
              <span
                class="font-semibold"
              >
                 
                South America
                 
              </span>
              for 
              1
               
              minute
            </p>
          </div>
        </div>
      </div>
    </li>
    <li>
      <h3
        class="text-gray-700 mb-4"
      >
        8/21/2021
      </h3>
      <div
        class="bg-white shadow-sm rounded divide-y divide-gray-200 my-1"
        data-testid="outage"
      >
        <div
          class="flex justify-between p-4"
        >
          <div
            class="w-full flex items-center space-x-3"
          >
            <span
              class="flex items-center justify-center h-4 w-4 rounded-full bg-orange-500 text-white"
            >
              <svg
                aria-hidden="true"
                class="svg-inline--fa fa-exclamation fa-fw"
                data-icon="exclamation"
                data-prefix="fas"
                role="img"
                style="font-size: 8px;"
                viewBox="0 0 128 512"
              >
                <path
                  d="M64 432c22.1 0 40 17.9 40 40s-17.9 40-40 40-40-17.9-40-40c0-22.1 17.9-40 40-40zM64 0c26.5 0 48 21.5 48 48 0 .6 0 1.1 0 1.7l-16 304c-.9 17-15 30.3-32 30.3S33 370.7 32 353.7L16 49.7c0-.6 0-1.1 0-1.7 0-26.5 21.5-48 48-48z"
                  fill="currentColor"
                />
              </svg>
            </span>
            <p>
              Down from
              <span
                class="font-semibold"
              >
                 
                South America
                 
              </span>
              for 
              1
               
              minute
            </p>
          </div>
        </div>
      </div>
    </li>
    <li>
      <h3
        class="text-gray-700 mb-4"
      >
        8/20/2021
      </h3>
      <div
        class="bg-white shadow-sm rounded divide-y divide-gray-200 my-1"
        data-testid="outage"
      >
        <div
          class="flex justify-between p-4"
        >
          <div
            class="w-full flex items-center space-x-3"
          >
            <span
              class="flex items-center justify-center h-4 w-4 rounded-full bg-orange-500 text-white"
            >
              <svg
                aria-hidden="true"
                class="svg-inline--fa fa-exclamation fa-fw"
                data-icon="exclamation"
                data-prefix="fas"
                role="img"
                style="font-size: 8px;"
                viewBox="0 0 128 512"
              >
                <path
                  d="M64 432c22.1 0 40 17.9 40 40s-17.9 40-40 40-40-17.9-40-40c0-22.1 17.9-40 40-40zM64 0c26.5 0 48 21.5 48 48 0 .6 0 1.1 0 1.7l-16 304c-.9 17-15 30.3-32 30.3S33 370.7 32 353.7L16 49.7c0-.6 0-1.1 0-1.7 0-26.5 21.5-48 48-48z"
                  fill="currentColor"
                />
              </svg>
            </span>
            <p>
              Down from
              <span
                class="font-semibold"
              >
                 
                South America
                 
              </span>
              for 
              1
               
              minute
            </p>
          </div>
        </div>
      </div>
    </li>
    <li>
      <h3
        class="text-gray-700 mb-4"
      >
        8/18/2021
      </h3>
      <div
        class="bg-white shadow-sm rounded divide-y divide-gray-200 my-1"
        data-testid="outage"
      >
        <div
          class="flex justify-between p-4"
        >
          <div
            class="w-full flex items-center space-x-3"
          >
            <span
              class="flex items-center justify-center h-4 w-4 rounded-full bg-orange-500 text-white"
            >
              <svg
                aria-hidden="true"
                class="svg-inline--fa fa-exclamation fa-fw"
                data-icon="exclamation"
                data-prefix="fas"
                role="img"
                style="font-size: 8px;"
                viewBox="0 0 128 512"
              >
                <path
                  d="M64 432c22.1 0 40 17.9 40 40s-17.9 40-40 40-40-17.9-40-40c0-22.1 17.9-40 40-40zM64 0c26.5 0 48 21.5 48 48 0 .6 0 1.1 0 1.7l-16 304c-.9 17-15 30.3-32 30.3S33 370.7 32 353.7L16 49.7c0-.6 0-1.1 0-1.7 0-26.5 21.5-48 48-48z"
                  fill="currentColor"
                />
              </svg>
            </span>
            <p>
              Down from
              <span
                class="font-semibold"
              >
                 
                South America
                 
              </span>
              for 
              1
               
              minute
            </p>
          </div>
        </div>
      </div>
    </li>
    <li>
      <h3
        class="text-gray-700 mb-4"
      >
        8/16/2021
      </h3>
      <div
        class="bg-white shadow-sm rounded divide-y divide-gray-200 my-1"
        data-testid="outage"
      >
        <div
          class="flex justify-between p-4"
        >
          <div
            class="w-full flex items-center space-x-3"
          >
            <span
              class="flex items-center justify-center h-4 w-4 rounded-full bg-orange-500 text-white"
            >
              <svg
                aria-hidden="true"
                class="svg-inline--fa fa-exclamation fa-fw"
                data-icon="exclamation"
                data-prefix="fas"
                role="img"
                style="font-size: 8px;"
                viewBox="0 0 128 512"
              >
                <path
                  d="M64 432c22.1 0 40 17.9 40 40s-17.9 40-40 40-40-17.9-40-40c0-22.1 17.9-40 40-40zM64 0c26.5 0 48 21.5 48 48 0 .6 0 1.1 0 1.7l-16 304c-.9 17-15 30.3-32 30.3S33 370.7 32 353.7L16 49.7c0-.6 0-1.1 0-1.7 0-26.5 21.5-48 48-48z"
                  fill="currentColor"
                />
              </svg>
            </span>
            <p>
              Down from
              <span
                class="font-semibold"
              >
                 
                Europe
                 
              </span>
              for 
              1
               
              minute
            </p>
          </div>
        </div>
      </div>
    </li>
    <li>
      <h3
        class="text-gray-700 mb-4"
      >
        8/15/2021
      </h3>
      <div
        class="bg-white shadow-sm rounded divide-y divide-gray-200 my-1"
        data-testid="outage"
      >
        <div
          class="flex justify-between p-4"
        >
          <div
            class="w-full flex items-center space-x-3"
          >
            <span
              class="flex items-center justify-center h-4 w-4 rounded-full bg-orange-500 text-white"
            >
              <svg
                aria-hidden="true"
                class="svg-inline--fa fa-exclamation fa-fw"
                data-icon="exclamation"
                data-prefix="fas"
                role="img"
                style="font-size: 8px;"
                viewBox="0 0 128 512"
              >
                <path
                  d="M64 432c22.1 0 40 17.9 40 40s-17.9 40-40 40-40-17.9-40-40c0-22.1 17.9-40 40-40zM64 0c26.5 0 48 21.5 48 48 0 .6 0 1.1 0 1.7l-16 304c-.9 17-15 30.3-32 30.3S33 370.7 32 353.7L16 49.7c0-.6 0-1.1 0-1.7 0-26.5 21.5-48 48-48z"
                  fill="currentColor"
                />
              </svg>
            </span>
            <p>
              Down from
              <span
                class="font-semibold"
              >
                 
                Europe
                 
              </span>
              for 
              6
               
              minutes
            </p>
          </div>
        </div>
      </div>
      <div
        class="bg-white shadow-sm rounded divide-y divide-gray-200 my-1"
        data-testid="outage"
      >
        <div
          class="flex justify-between p-4"
        >
          <div
            class="w-full flex items-center space-x-3"
          >
            <span
              class="flex items-center justify-center h-4 w-4 rounded-full bg-orange-500 text-white"
            >
              <svg
                aria-hidden="true"
                class="svg-inline--fa fa-exclamation fa-fw"
                data-icon="exclamation"
                data-prefix="fas"
                role="img"
                style="font-size: 8px;"
                viewBox="0 0 128 512"
              >
                <path
                  d="M64 432c22.1 0 40 17.9 40 40s-17.9 40-40 40-40-17.9-40-40c0-22.1 17.9-40 40-40zM64 0c26.5 0 48 21.5 48 48 0 .6 0 1.1 0 1.7l-16 304c-.9 17-15 30.3-32 30.3S33 370.7 32 353.7L16 49.7c0-.6 0-1.1 0-1.7 0-26.5 21.5-48 48-48z"
                  fill="currentColor"
                />
              </svg>
            </span>
            <p>
              Down from
              <span
                class="font-semibold"
              >
                 
                South America
                 
              </span>
              for 
              4
               
              minutes
            </p>
          </div>
        </div>
      </div>
      <div
        class="bg-white shadow-sm rounded divide-y divide-gray-200 my-1"
        data-testid="outage"
      >
        <div
          class="flex justify-between p-4"
        >
          <div
            class="w-full flex items-center space-x-3"
          >
            <span
              class="flex items-center justify-center h-4 w-4 rounded-full bg-orange-500 text-white"
            >
              <svg
                aria-hidden="true"
                class="svg-inline--fa fa-exclamation fa-fw"
                data-icon="exclamation"
                data-prefix="fas"
                role="img"
                style="font-size: 8px;"
                viewBox="0 0 128 512"
              >
                <path
                  d="M64 432c22.1 0 40 17.9 40 40s-17.9 40-40 40-40-17.9-40-40c0-22.1 17.9-40 40-40zM64 0c26.5 0 48 21.5 48 48 0 .6 0 1.1 0 1.7l-16 304c-.9 17-15 30.3-32 30.3S33 370.7 32 353.7L16 49.7c0-.6 0-1.1 0-1.7 0-26.5 21.5-48 48-48z"
                  fill="currentColor"
                />
              </svg>
            </span>
            <p>
              Down from
              <span
                class="font-semibold"
              >
                 
                North America
                 
              </span>
              for 
              1
               
              minute
            </p>
          </div>
        </div>
      </div>
    </li>
    <li>
      <h3
        class="text-gray-700 mb-4"
      >
        8/13/2021
      </h3>
      <div
        class="bg-white shadow-sm rounded divide-y divide-gray-200 my-1"
        data-testid="outage"
      >
        <div
          class="flex justify-between p-4"
        >
          <div
            class="w-full flex items-center space-x-3"
          >
            <span
              class="flex items-center justify-center h-4 w-4 rounded-full bg-orange-500 text-white"
            >
              <svg
                aria-hidden="true"
                class="svg-inline--fa fa-exclamation fa-fw"
                data-icon="exclamation"
                data-prefix="fas"
                role="img"
                style="font-size: 8px;"
                viewBox="0 0 128 512"
              >
                <path
                  d="M64 432c22.1 0 40 17.9 40 40s-17.9 40-40 40-40-17.9-40-40c0-22.1 17.9-40 40-40zM64 0c26.5 0 48 21.5 48 48 0 .6 0 1.1 0 1.7l-16 304c-.9 17-15 30.3-32 30.3S33 370.7 32 353.7L16 49.7c0-.6 0-1.1 0-1.7 0-26.5 21.5-48 48-48z"
                  fill="currentColor"
                />
              </svg>
            </span>
            <p>
              Down from
              <span
                class="font-semibold"
              >
                 
                South America
                 
              </span>
              for 
              1
               
              minute
            </p>
          </div>
        </div>
      </div>
    </li>
    <li>
      <h3
        class="text-gray-700 mb-4"
      >
        8/8/2021
      </h3>
      <div
        class="bg-white shadow-sm rounded divide-y divide-gray-200 my-1"
        data-testid="outage"
      >
        <div
          class="flex justify-between p-4"
        >
          <div
            class="w-full flex items-center space-x-3"
          >
            <span
              class="flex items-center justify-center h-4 w-4 rounded-full bg-orange-500 text-white"
            >
              <svg
                aria-hidden="true"
                class="svg-inline--fa fa-exclamation fa-fw"
                data-icon="exclamation"
                data-prefix="fas"
                role="img"
                style="font-size: 8px;"
                viewBox="0 0 128 512"
              >
                <path
                  d="M64 432c22.1 0 40 17.9 40 40s-17.9 40-40 40-40-17.9-40-40c0-22.1 17.9-40 40-40zM64 0c26.5 0 48 21.5 48 48 0 .6 0 1.1 0 1.7l-16 304c-.9 17-15 30.3-32 30.3S33 370.7 32 353.7L16 49.7c0-.6 0-1.1 0-1.7 0-26.5 21.5-48 48-48z"
                  fill="currentColor"
                />
              </svg>
            </span>
            <p>
              Down from
              <span
                class="font-semibold"
              >
                 
                North America
                 
              </span>
              for 
              120
               
              minutes
            </p>
          </div>
        </div>
      </div>
    </li>
    <li>
      <h3
        class="text-gray-700 mb-4"
      >
        8/7/2021
      </h3>
      <div
        class="bg-white shadow-sm rounded divide-y divide-gray-200 my-1"
        data-testid="outage"
      >
        <div
          class="flex justify-between p-4"
        >
          <div
            class="w-full flex items-center space-x-3"
          >
            <span
              class="flex items-center justify-center h-4 w-4 rounded-full bg-orange-500 text-white"
            >
              <svg
                aria-hidden="true"
                class="svg-inline--fa fa-exclamation fa-fw"
                data-icon="exclamation"
                data-prefix="fas"
                role="img"
                style="font-size: 8px;"
                viewBox="0 0 128 512"
              >
                <path
                  d="M64 432c22.1 0 40 17.9 40 40s-17.9 40-40 40-40-17.9-40-40c0-22.1 17.9-40 40-40zM64 0c26.5 0 48 21.5 48 48 0 .6 0 1.1 0 1.7l-16 304c-.9 17-15 30.3-32 30.3S33 370.7 32 353.7L16 49.7c0-.6 0-1.1 0-1.7 0-26.5 21.5-48 48-48z"
                  fill="currentColor"
                />
              </svg>
            </span>
            <p>
              Down from
              <span
                class="font-semibold"
              >
                 
                North America
                 
              </span>
              for 
              5
               
              minutes
            </p>
          </div>
        </div>
      </div>
    </li>
    <li>
      <h3
        class="text-gray-700 mb-4"
      >
        8/6/2021
      </h3>
      <div
        class="bg-white shadow-sm rounded divide-y divide-gray-200 my-1"
        data-testid="outage"
      >
        <div
          class="flex justify-between p-4"
        >
          <div
            class="w-full flex items-center space-x-3"
          >
            <span
              class="flex items-center justify-center h-4 w-4 rounded-full bg-orange-500 text-white"
            >
              <svg
                aria-hidden="true"
                class="svg-inline--fa fa-exclamation fa-fw"
                data-icon="exclamation"
                data-prefix="fas"
                role="img"
                style="font-size: 8px;"
                viewBox="0 0 128 512"
              >
                <path
                  d="M64 432c22.1 0 40 17.9 40 40s-17.9 40-40 40-40-17.9-40-40c0-22.1 17.9-40 40-40zM64 0c26.5 0 48 21.5 48 48 0 .6 0 1.1 0 1.7l-16 304c-.9 17-15 30.3-32 30.3S33 370.7 32 353.7L16 49.7c0-.6 0-1.1 0-1.7 0-26.5 21.5-48 48-48z"
                  fill="currentColor"
                />
              </svg>
            </span>
            <p>
              Down from
              <span
                class="font-semibold"
              >
                 
                Europe
                 
              </span>
              for 
              1
               
              minute
            </p>
          </div>
        </div>
      </div>
    </li>
    <li>
      <h3
        class="text-gray-700 mb-4"
      >
        8/5/2021
      </h3>
      <div
        class="bg-white shadow-sm rounded divide-y divide-gray-200 my-1"
        data-testid="outage"
      >
        <div
          class="flex justify-between p-4"
        >
          <div
            class="w-full flex items-center space-x-3"
          >
            <span
              class="flex items-center justify-center h-4 w-4 rounded-full bg-orange-500 text-white"
            >
              <svg
                aria-hidden="true"
                class="svg-inline--fa fa-exclamation fa-fw"
                data-icon="exclamation"
                data-prefix="fas"
                role="img"
                style="font-size: 8px;"
                viewBox="0 0 128 512"
              >
                <path
                  d="M64 432c22.1 0 40 17.9 40 40s-17.9 40-40 40-40-17.9-40-40c0-22.1 17.9-40 40-40zM64 0c26.5 0 48 21.5 48 48 0 .6 0 1.1 0 1.7l-16 304c-.9 17-15 30.3-32 30.3S33 370.7 32 353.7L16 49.7c0-.6 0-1.1 0-1.7 0-26.5 21.5-48 48-48z"
                  fill="currentColor"
                />
              </svg>
            </span>
            <p>
              Down from
              <span
                class="font-semibold"
              >
                 
                South America
                 
              </span>
              for 
              10
               
              minutes
            </p>
          </div>
        </div>
      </div>
    </li>
    <li>
      <h3
        class="text-gray-700 mb-4"
      >
        7/26/2021
      </h3>
      <div
        class="bg-white shadow-sm rounded divide-y divide-gray-200 my-1"
        data-testid="outage"
      >
        <div
          class="flex justify-between p-4"
        >
          <div
            class="w-full flex items-center space-x-3"
          >
            <span
              class="flex items-center justify-center h-4 w-4 rounded-full bg-orange-500 text-white"
            >
              <svg
                aria-hidden="true"
                class="svg-inline--fa fa-exclamation fa-fw"
                data-icon="exclamation"
                data-prefix="fas"
                role="img"
                style="font-size: 8px;"
                viewBox="0 0 128 512"
              >
                <path
                  d="M64 432c22.1 0 40 17.9 40 40s-17.9 40-40 40-40-17.9-40-40c0-22.1 17.9-40 40-40zM64 0c26.5 0 48 21.5 48 48 0 .6 0 1.1 0 1.7l-16 304c-.9 17-15 30.3-32 30.3S33 370.7 32 353.7L16 49.7c0-.6 0-1.1 0-1.7 0-26.5 21.5-48 48-48z"
                  fill="currentColor"
                />
              </svg>
            </span>
            <p>
              Down from
              <span
                class="font-semibold"
              >
                 
                Europe
                 
              </span>
              for 
              5
               
              minutes
            </p>
          </div>
        </div>
      </div>
      <div
        class="bg-white shadow-sm rounded divide-y divide-gray-200 my-1"
        data-testid="outage"
      >
        <div
          class="flex justify-between p-4"
        >
          <div
            class="w-full flex items-center space-x-3"
          >
            <span
              class="flex items-center justify-center h-4 w-4 rounded-full bg-orange-500 text-white"
            >
              <svg
                aria-hidden="true"
                class="svg-inline--fa fa-exclamation fa-fw"
                data-icon="exclamation"
                data-prefix="fas"
                role="img"
                style="font-size: 8px;"
                viewBox="0 0 128 512"
              >
                <path
                  d="M64 432c22.1 0 40 17.9 40 40s-17.9 40-40 40-40-17.9-40-40c0-22.1 17.9-40 40-40zM64 0c26.5 0 48 21.5 48 48 0 .6 0 1.1 0 1.7l-16 304c-.9 17-15 30.3-32 30.3S33 370.7 32 353.7L16 49.7c0-.6 0-1.1 0-1.7 0-26.5 21.5-48 48-48z"
                  fill="currentColor"
                />
              </svg>
            </span>
            <p>
              Down from
              <span
                class="font-semibold"
              >
                 
                Asia Pacific
                 
              </span>
              for 
              20
               
              minutes
            </p>
          </div>
        </div>
      </div>
    </li>
  </ul>
</div>
`;
