// Jest Snapshot v1, https://goo.gl/fbAQLP

exports[`UptimeMonitors renders without problems 1`] = `
<div>
  <section
    class="mt-16 mb-20"
  >
    <div
      class="container"
    >
      <div
        class="max-w-lg mx-auto bg-white shadow-sm rounded divide-y divide-gray-200"
      >
        <div
          class="px-6 py-5 space-y-3"
        >
          <div
            class="sm:flex justify-between"
          >
            <h2>
              <button
                class="c_h-heading focus:outline-none"
              >
                homepage
              </button>
            </h2>
            <p
              class="mt-1 sm:mt-0 text-gray-700"
            >
              Monitoring from 
              4
               
              locations
            </p>
          </div>
          <div
            class="flex space-x-1"
          >
            <div
              class="h-8 flex-grow rounded bg-gray-200"
            />
            <div
              class="h-8 flex-grow rounded bg-gray-200"
            />
            <div
              class="h-8 flex-grow rounded bg-gray-200"
            />
            <div
              class="h-8 flex-grow rounded bg-gray-200"
            />
            <div
              class="h-8 flex-grow rounded bg-gray-200"
            />
            <div
              class="h-8 flex-grow rounded bg-gray-200"
            />
            <div
              class="h-8 flex-grow rounded bg-gray-200"
            />
            <div
              class="h-8 flex-grow rounded bg-gray-200"
            />
            <div
              class="h-8 flex-grow rounded bg-gray-200"
            />
            <div
              class="h-8 flex-grow rounded bg-gray-200"
            />
            <div
              class="h-8 flex-grow rounded bg-gray-200"
            />
            <div
              class="h-8 flex-grow rounded bg-gray-200"
            />
            <div
              class="h-8 flex-grow rounded bg-gray-200"
            />
            <div
              class="h-8 flex-grow rounded bg-gray-200"
            />
            <div
              class="h-8 flex-grow rounded bg-gray-200"
            />
            <div
              class="h-8 flex-grow rounded bg-gray-200"
            />
            <div
              class="h-8 flex-grow rounded bg-gray-200"
            />
            <div
              class="h-8 flex-grow rounded bg-gray-200"
            />
            <div
              class="h-8 flex-grow rounded bg-gray-200"
            />
            <div
              class="h-8 flex-grow rounded bg-gray-200"
            />
            <div
              class="h-8 flex-grow rounded bg-gray-200"
            />
            <div
              class="h-8 flex-grow rounded bg-gray-200"
            />
            <div
              class="h-8 flex-grow rounded bg-gray-200"
            />
            <div
              class="h-8 flex-grow rounded bg-gray-200"
            />
            <div
              class="h-8 flex-grow rounded bg-gray-200"
            />
            <div
              class="h-8 flex-grow rounded bg-gray-200"
            />
            <div
              class="h-8 flex-grow rounded bg-gray-200"
            />
            <div
              class="h-8 flex-grow rounded bg-gray-200"
            />
            <div
              class="h-8 flex-grow rounded bg-gray-200"
            />
            <div
              class="h-8 flex-grow rounded bg-gray-200"
            />
          </div>
        </div>
        <div
          class="px-6 py-5 space-y-3"
        >
          <div
            class="sm:flex justify-between"
          >
            <h2>
              <button
                class="c_h-heading focus:outline-none"
              >
                blog
              </button>
            </h2>
            <p
              class="mt-1 sm:mt-0 text-gray-700"
            >
              Monitoring from 
              4
               
              locations
            </p>
          </div>
          <div
            class="flex space-x-1"
          >
            <div
              class="h-8 flex-grow rounded bg-gray-200"
            />
            <div
              class="h-8 flex-grow rounded bg-gray-200"
            />
            <div
              class="h-8 flex-grow rounded bg-gray-200"
            />
            <div
              class="h-8 flex-grow rounded bg-gray-200"
            />
            <div
              class="h-8 flex-grow rounded bg-gray-200"
            />
            <div
              class="h-8 flex-grow rounded bg-gray-200"
            />
            <div
              class="h-8 flex-grow rounded bg-gray-200"
            />
            <div
              class="h-8 flex-grow rounded bg-gray-200"
            />
            <div
              class="h-8 flex-grow rounded bg-gray-200"
            />
            <div
              class="h-8 flex-grow rounded bg-gray-200"
            />
            <div
              class="h-8 flex-grow rounded bg-gray-200"
            />
            <div
              class="h-8 flex-grow rounded bg-gray-200"
            />
            <div
              class="h-8 flex-grow rounded bg-gray-200"
            />
            <div
              class="h-8 flex-grow rounded bg-gray-200"
            />
            <div
              class="h-8 flex-grow rounded bg-gray-200"
            />
            <div
              class="h-8 flex-grow rounded bg-gray-200"
            />
            <div
              class="h-8 flex-grow rounded bg-gray-200"
            />
            <div
              class="h-8 flex-grow rounded bg-gray-200"
            />
            <div
              class="h-8 flex-grow rounded bg-gray-200"
            />
            <div
              class="h-8 flex-grow rounded bg-gray-200"
            />
            <div
              class="h-8 flex-grow rounded bg-gray-200"
            />
            <div
              class="h-8 flex-grow rounded bg-gray-200"
            />
            <div
              class="h-8 flex-grow rounded bg-gray-200"
            />
            <div
              class="h-8 flex-grow rounded bg-gray-200"
            />
            <div
              class="h-8 flex-grow rounded bg-gray-200"
            />
            <div
              class="h-8 flex-grow rounded bg-gray-200"
            />
            <div
              class="h-8 flex-grow rounded bg-gray-200"
            />
            <div
              class="h-8 flex-grow rounded bg-gray-200"
            />
            <div
              class="h-8 flex-grow rounded bg-gray-200"
            />
            <div
              class="h-8 flex-grow rounded bg-gray-200"
            />
          </div>
        </div>
        <div
          class="px-6 py-5 space-y-3"
        >
          <div
            class="sm:flex justify-between"
          >
            <h2>
              <button
                class="c_h-heading focus:outline-none"
              >
                Always Down
              </button>
            </h2>
            <p
              class="mt-1 sm:mt-0 text-gray-700"
            >
              Monitoring from 
              4
               
              locations
            </p>
          </div>
          <div
            class="flex space-x-1"
          >
            <div
              class="h-8 flex-grow rounded bg-gray-200"
            />
            <div
              class="h-8 flex-grow rounded bg-gray-200"
            />
            <div
              class="h-8 flex-grow rounded bg-gray-200"
            />
            <div
              class="h-8 flex-grow rounded bg-gray-200"
            />
            <div
              class="h-8 flex-grow rounded bg-gray-200"
            />
            <div
              class="h-8 flex-grow rounded bg-gray-200"
            />
            <div
              class="h-8 flex-grow rounded bg-gray-200"
            />
            <div
              class="h-8 flex-grow rounded bg-gray-200"
            />
            <div
              class="h-8 flex-grow rounded bg-gray-200"
            />
            <div
              class="h-8 flex-grow rounded bg-gray-200"
            />
            <div
              class="h-8 flex-grow rounded bg-gray-200"
            />
            <div
              class="h-8 flex-grow rounded bg-gray-200"
            />
            <div
              class="h-8 flex-grow rounded bg-gray-200"
            />
            <div
              class="h-8 flex-grow rounded bg-gray-200"
            />
            <div
              class="h-8 flex-grow rounded bg-gray-200"
            />
            <div
              class="h-8 flex-grow rounded bg-gray-200"
            />
            <div
              class="h-8 flex-grow rounded bg-gray-200"
            />
            <div
              class="h-8 flex-grow rounded bg-gray-200"
            />
            <div
              class="h-8 flex-grow rounded bg-gray-200"
            />
            <div
              class="h-8 flex-grow rounded bg-gray-200"
            />
            <div
              class="h-8 flex-grow rounded bg-gray-200"
            />
            <div
              class="h-8 flex-grow rounded bg-gray-200"
            />
            <div
              class="h-8 flex-grow rounded bg-gray-200"
            />
            <div
              class="h-8 flex-grow rounded bg-gray-200"
            />
            <div
              class="h-8 flex-grow rounded bg-gray-200"
            />
            <div
              class="h-8 flex-grow rounded bg-gray-200"
            />
            <div
              class="h-8 flex-grow rounded bg-gray-200"
            />
            <div
              class="h-8 flex-grow rounded bg-gray-200"
            />
            <div
              class="h-8 flex-grow rounded bg-gray-200"
            />
            <div
              class="h-8 flex-grow rounded bg-gray-200"
            />
          </div>
        </div>
      </div>
    </div>
  </section>
</div>
`;
