// Jest Snapshot v1, https://goo.gl/fbAQLP

exports[`Footer it renders without problems 1`] = `
<div>
  <footer
    class="mt-16 mb-12"
  >
    <div
      class="container"
    >
      <div
        class="flex items-center justify-center text-sm text-gray-700"
      >
        <span>
          Get your own status page at
        </span>
        <a
          class="flex items-center ml-2"
          href="https://www.appsignal.com/tour/uptime-monitoring"
          rel="noreferrer"
          target="_blank"
        >
          <img
            alt="AppSignal Logo"
            data-nimg="1"
            decoding="async"
            height="16"
            loading="lazy"
            src="/assets/appsignal-logo.svg"
            style="color: transparent;"
            width="86"
          />
        </a>
      </div>
    </div>
  </footer>
</div>
`;
